------------------------------------------------------------
TimeQuest Timing Analyzer Summary
------------------------------------------------------------

Type  : Slow 1200mV 85C Model Setup 'TD_CLK27'
Slack : -0.945
TNS   : -47.027

Type  : Slow 1200mV 85C Model Setup 'u6|sdram_pll1|altpll_component|auto_generated|pll1|clk[0]'
Slack : 1.239
TNS   : 0.000

Type  : Slow 1200mV 85C Model Setup 'CLOCK_50'
Slack : 13.354
TNS   : 0.000

Type  : Slow 1200mV 85C Model Setup 'altera_reserved_tck'
Slack : 44.324
TNS   : 0.000

Type  : Slow 1200mV 85C Model Hold 'CLOCK_50'
Slack : 0.223
TNS   : 0.000

Type  : Slow 1200mV 85C Model Hold 'u6|sdram_pll1|altpll_component|auto_generated|pll1|clk[0]'
Slack : 0.270
TNS   : 0.000

Type  : Slow 1200mV 85C Model Hold 'TD_CLK27'
Slack : 0.310
TNS   : 0.000

Type  : Slow 1200mV 85C Model Hold 'altera_reserved_tck'
Slack : 0.392
TNS   : 0.000

Type  : Slow 1200mV 85C Model Recovery 'TD_CLK27'
Slack : -4.414
TNS   : -1556.138

Type  : Slow 1200mV 85C Model Recovery 'u6|sdram_pll1|altpll_component|auto_generated|pll1|clk[0]'
Slack : 0.750
TNS   : 0.000

Type  : Slow 1200mV 85C Model Recovery 'altera_reserved_tck'
Slack : 47.606
TNS   : 0.000

Type  : Slow 1200mV 85C Model Removal 'altera_reserved_tck'
Slack : 0.983
TNS   : 0.000

Type  : Slow 1200mV 85C Model Removal 'TD_CLK27'
Slack : 1.120
TNS   : 0.000

Type  : Slow 1200mV 85C Model Removal 'u6|sdram_pll1|altpll_component|auto_generated|pll1|clk[0]'
Slack : 7.227
TNS   : 0.000

Type  : Slow 1200mV 85C Model Minimum Pulse Width 'ENET_RX_CLK'
Slack : 4.000
TNS   : 0.000

Type  : Slow 1200mV 85C Model Minimum Pulse Width 'u6|sdram_pll1|altpll_component|auto_generated|pll1|clk[0]'
Slack : 4.614
TNS   : 0.000

Type  : Slow 1200mV 85C Model Minimum Pulse Width 'CLOCK_50'
Slack : 9.648
TNS   : 0.000

Type  : Slow 1200mV 85C Model Minimum Pulse Width 'CLOCK3_50'
Slack : 9.887
TNS   : 0.000

Type  : Slow 1200mV 85C Model Minimum Pulse Width 'CLOCK2_50'
Slack : 16.000
TNS   : 0.000

Type  : Slow 1200mV 85C Model Minimum Pulse Width 'TD_CLK27'
Slack : 18.009
TNS   : 0.000

Type  : Slow 1200mV 85C Model Minimum Pulse Width 'altera_reserved_tck'
Slack : 49.724
TNS   : 0.000

Type  : Slow 1200mV 0C Model Setup 'TD_CLK27'
Slack : -0.763
TNS   : -35.606

Type  : Slow 1200mV 0C Model Setup 'u6|sdram_pll1|altpll_component|auto_generated|pll1|clk[0]'
Slack : 2.139
TNS   : 0.000

Type  : Slow 1200mV 0C Model Setup 'CLOCK_50'
Slack : 13.916
TNS   : 0.000

Type  : Slow 1200mV 0C Model Setup 'altera_reserved_tck'
Slack : 44.792
TNS   : 0.000

Type  : Slow 1200mV 0C Model Hold 'CLOCK_50'
Slack : 0.169
TNS   : 0.000

Type  : Slow 1200mV 0C Model Hold 'u6|sdram_pll1|altpll_component|auto_generated|pll1|clk[0]'
Slack : 0.277
TNS   : 0.000

Type  : Slow 1200mV 0C Model Hold 'TD_CLK27'
Slack : 0.310
TNS   : 0.000

Type  : Slow 1200mV 0C Model Hold 'altera_reserved_tck'
Slack : 0.345
TNS   : 0.000

Type  : Slow 1200mV 0C Model Recovery 'TD_CLK27'
Slack : -3.941
TNS   : -1366.528

Type  : Slow 1200mV 0C Model Recovery 'u6|sdram_pll1|altpll_component|auto_generated|pll1|clk[0]'
Slack : 1.729
TNS   : 0.000

Type  : Slow 1200mV 0C Model Recovery 'altera_reserved_tck'
Slack : 47.838
TNS   : 0.000

Type  : Slow 1200mV 0C Model Removal 'altera_reserved_tck'
Slack : 0.890
TNS   : 0.000

Type  : Slow 1200mV 0C Model Removal 'TD_CLK27'
Slack : 1.027
TNS   : 0.000

Type  : Slow 1200mV 0C Model Removal 'u6|sdram_pll1|altpll_component|auto_generated|pll1|clk[0]'
Slack : 6.358
TNS   : 0.000

Type  : Slow 1200mV 0C Model Minimum Pulse Width 'ENET_RX_CLK'
Slack : 4.000
TNS   : 0.000

Type  : Slow 1200mV 0C Model Minimum Pulse Width 'u6|sdram_pll1|altpll_component|auto_generated|pll1|clk[0]'
Slack : 4.607
TNS   : 0.000

Type  : Slow 1200mV 0C Model Minimum Pulse Width 'CLOCK_50'
Slack : 9.642
TNS   : 0.000

Type  : Slow 1200mV 0C Model Minimum Pulse Width 'CLOCK3_50'
Slack : 9.909
TNS   : 0.000

Type  : Slow 1200mV 0C Model Minimum Pulse Width 'CLOCK2_50'
Slack : 16.000
TNS   : 0.000

Type  : Slow 1200mV 0C Model Minimum Pulse Width 'TD_CLK27'
Slack : 18.022
TNS   : 0.000

Type  : Slow 1200mV 0C Model Minimum Pulse Width 'altera_reserved_tck'
Slack : 49.719
TNS   : 0.000

Type  : Fast 1200mV 0C Model Setup 'TD_CLK27'
Slack : 0.035
TNS   : 0.000

Type  : Fast 1200mV 0C Model Setup 'u6|sdram_pll1|altpll_component|auto_generated|pll1|clk[0]'
Slack : 5.415
TNS   : 0.000

Type  : Fast 1200mV 0C Model Setup 'CLOCK_50'
Slack : 16.659
TNS   : 0.000

Type  : Fast 1200mV 0C Model Setup 'altera_reserved_tck'
Slack : 47.557
TNS   : 0.000

Type  : Fast 1200mV 0C Model Hold 'CLOCK_50'
Slack : -0.050
TNS   : -0.050

Type  : Fast 1200mV 0C Model Hold 'u6|sdram_pll1|altpll_component|auto_generated|pll1|clk[0]'
Slack : 0.096
TNS   : 0.000

Type  : Fast 1200mV 0C Model Hold 'TD_CLK27'
Slack : 0.110
TNS   : 0.000

Type  : Fast 1200mV 0C Model Hold 'altera_reserved_tck'
Slack : 0.175
TNS   : 0.000

Type  : Fast 1200mV 0C Model Recovery 'TD_CLK27'
Slack : -1.922
TNS   : -499.901

Type  : Fast 1200mV 0C Model Recovery 'u6|sdram_pll1|altpll_component|auto_generated|pll1|clk[0]'
Slack : 5.004
TNS   : 0.000

Type  : Fast 1200mV 0C Model Recovery 'altera_reserved_tck'
Slack : 49.078
TNS   : 0.000

Type  : Fast 1200mV 0C Model Removal 'altera_reserved_tck'
Slack : 0.481
TNS   : 0.000

Type  : Fast 1200mV 0C Model Removal 'TD_CLK27'
Slack : 0.495
TNS   : 0.000

Type  : Fast 1200mV 0C Model Removal 'u6|sdram_pll1|altpll_component|auto_generated|pll1|clk[0]'
Slack : 3.907
TNS   : 0.000

Type  : Fast 1200mV 0C Model Minimum Pulse Width 'ENET_RX_CLK'
Slack : 4.000
TNS   : 0.000

Type  : Fast 1200mV 0C Model Minimum Pulse Width 'u6|sdram_pll1|altpll_component|auto_generated|pll1|clk[0]'
Slack : 4.729
TNS   : 0.000

Type  : Fast 1200mV 0C Model Minimum Pulse Width 'CLOCK_50'
Slack : 9.247
TNS   : 0.000

Type  : Fast 1200mV 0C Model Minimum Pulse Width 'CLOCK3_50'
Slack : 9.619
TNS   : 0.000

Type  : Fast 1200mV 0C Model Minimum Pulse Width 'CLOCK2_50'
Slack : 16.000
TNS   : 0.000

Type  : Fast 1200mV 0C Model Minimum Pulse Width 'TD_CLK27'
Slack : 17.745
TNS   : 0.000

Type  : Fast 1200mV 0C Model Minimum Pulse Width 'altera_reserved_tck'
Slack : 49.416
TNS   : 0.000

------------------------------------------------------------
